<?xml version="1.0" encoding="utf-8"?><testsuites><testsuite errors="0" failures="0" hostname="mikhail" name="pytest" skipped="0" tests="6" time="28.457" timestamp="2019-11-21T15:08:39.986304"><testcase classname="test.Test_Add_Group" file="test\Test_Add_Group.py" line="4" name="test_add_group[None:::]" time="17.065"></testcase><testcase classname="test.Test_Add_Group" file="test\Test_Add_Group.py" line="4" name="test_add_group[None:nameT:headerzWewRopZ2M:footerT6f cdDu]" time="1.922"></testcase><testcase classname="test.Test_Add_Group" file="test\Test_Add_Group.py" line="4" name="test_add_group[None:name Wvz:headerKlQ6 c8 XF6Crd:footer6K]" time="1.922"></testcase><testcase classname="test.Test_Add_Group" file="test\Test_Add_Group.py" line="4" name="test_add_group[None:name5EBvGt:header W5PKGVIi e3XYj tj3:footer]" time="1.911"></testcase><testcase classname="test.Test_Add_Group" file="test\Test_Add_Group.py" line="4" name="test_add_group[None:nameDpFd8Y K:header:footerp eNtB cR]" time="1.840"></testcase><testcase classname="test.Test_Add_Group" file="test\Test_Add_Group.py" line="4" name="test_add_group[None:name3o M:header1U  pQZlwU KA9Inr:footerQuU0AMwRvRQvDSUuf]" time="3.737"></testcase></testsuite></testsuites>